// Jest Snapshot v1, https://goo.gl/fbAQLP

exports[`VLFloor1 component renders correctly 1`] = `
<RNSVGSvgView
  bbHeight={1024}
  bbWidth={1024}
  focusable={false}
  height={1024}
  style={
    Array [
      Object {
        "backgroundColor": "transparent",
        "borderWidth": 0,
      },
      undefined,
      Object {
        "opacity": 1,
      },
      Object {
        "flex": 0,
        "height": 1024,
        "width": 1024,
      },
    ]
  }
  width={1024}
>
  <RNSVGGroup
    fill={4278190080}
    fillOpacity={1}
    fillRule={1}
    font={Object {}}
    matrix={
      Array [
        1,
        0,
        0,
        1,
        0,
        0,
      ]
    }
    opacity={1}
    originX={0}
    originY={0}
    propList={Array []}
    rotation={0}
    scaleX={1}
    scaleY={1}
    skewX={0}
    skewY={0}
    stroke={null}
    strokeDasharray={null}
    strokeDashoffset={null}
    strokeLinecap={0}
    strokeLinejoin={0}
    strokeMiterlimit={4}
    strokeOpacity={1}
    strokeWidth={1}
    vectorEffect={0}
    x={0}
    y={0}
  >
    <RNSVGPath
      d="M-1-1h582v402H-1z"
      fill={null}
      fillOpacity={1}
      fillRule={1}
      matrix={
        Array [
          1,
          0,
          0,
          1,
          0,
          0,
        ]
      }
      opacity={1}
      originX={0}
      originY={0}
      propList={
        Array [
          "fill",
        ]
      }
      rotation={0}
      scaleX={1}
      scaleY={1}
      skewX={0}
      skewY={0}
      stroke={null}
      strokeDasharray={null}
      strokeDashoffset={null}
      strokeLinecap={0}
      strokeLinejoin={0}
      strokeMiterlimit={4}
      strokeOpacity={1}
      strokeWidth={1}
      vectorEffect={0}
      x={0}
      y={0}
    />
    <RNSVGGroup
      fill={4278190080}
      fillOpacity={1}
      fillRule={1}
      font={Object {}}
      matrix={
        Array [
          1,
          0,
          0,
          1,
          0,
          0,
        ]
      }
      opacity={1}
      originX={0}
      originY={0}
      propList={Array []}
      rotation={0}
      scaleX={1}
      scaleY={1}
      skewX={0}
      skewY={0}
      stroke={null}
      strokeDasharray={null}
      strokeDashoffset={null}
      strokeLinecap={0}
      strokeLinejoin={0}
      strokeMiterlimit={4}
      strokeOpacity={1}
      strokeWidth={1}
      vectorEffect={0}
      x={0}
      y={0}
    >
      <RNSVGGroup
        fill={4278190080}
        fillOpacity={1}
        fillRule={1}
        font={Object {}}
        matrix={
          Array [
            1,
            0,
            0,
            1,
            0,
            0,
          ]
        }
        opacity={1}
        originX={0}
        originY={0}
        propList={
          Array [
            "stroke",
            "strokeWidth",
          ]
        }
        rotation={0}
        scaleX={1}
        scaleY={1}
        skewX={0}
        skewY={0}
        stroke={4278190080}
        strokeDasharray={null}
        strokeDashoffset={null}
        strokeLinecap={0}
        strokeLinejoin={0}
        strokeMiterlimit={4}
        strokeOpacity={1}
        strokeWidth={2}
        vectorEffect={0}
        x={0}
        y={0}
      >
        <RNSVGPath
          d="M208.092 17.889v101.826h-19.52v51.428h17.143v161.43h-18.572v48.57H200v75.714h-45.715v55.715h-51.428v55.713H54.285v61.43H31.428v227.142H60V924H30v41.428h325.715V805.807h37.234v20.203h458.837V566.143h123.929v-40.715h-27.5V350.785h-12.5v-5.357h-72.143V91.858h-16.43v30.714h-16.796V17.89H208.092z"
          fill={4294432470}
          fillOpacity={1}
          fillRule={1}
          matrix={
            Array [
              1,
              0,
              0,
              1,
              0,
              0,
            ]
          }
          opacity={1}
          originX={0}
          originY={0}
          propList={
            Array [
              "fill",
            ]
          }
          rotation={0}
          scaleX={1}
          scaleY={1}
          skewX={0}
          skewY={0}
          stroke={null}
          strokeDasharray={null}
          strokeDashoffset={null}
          strokeLinecap={0}
          strokeLinejoin={0}
          strokeMiterlimit={4}
          strokeOpacity={1}
          strokeWidth={1}
          vectorEffect={0}
          x={0}
          y={0}
        />
        <RNSVGPath
          d="M30 924h68.571v41.428H30zM298.571 902.571h57.143v62.856h-57.143zM298.571 844h57.143v58.571h-57.143zM595.714 733.286h48.571v92.724h-48.571z"
          fill={4292490806}
          fillOpacity={1}
          fillRule={1}
          matrix={
            Array [
              1,
              0,
              0,
              1,
              0,
              0,
            ]
          }
          opacity={1}
          originX={0}
          originY={0}
          propList={
            Array [
              "fill",
            ]
          }
          rotation={0}
          scaleX={1}
          scaleY={1}
          skewX={0}
          skewY={0}
          stroke={null}
          strokeDasharray={null}
          strokeDashoffset={null}
          strokeLinecap={0}
          strokeLinejoin={0}
          strokeMiterlimit={4}
          strokeOpacity={1}
          strokeWidth={1}
          vectorEffect={0}
          x={0}
          y={0}
        />
        <RNSVGPath
          d="M595.714 664h48.571v69.286h-48.571zM644.286 775.429h52.143v50.581h-52.143z"
          fill={4292490806}
          fillOpacity={1}
          fillRule={1}
          matrix={
            Array [
              1,
              0,
              0,
              1,
              0,
              0,
            ]
          }
          opacity={1}
          originX={0}
          originY={0}
          propList={
            Array [
              "fill",
            ]
          }
          rotation={0}
          scaleX={1}
          scaleY={1}
          skewX={0}
          skewY={0}
          stroke={null}
          strokeDasharray={null}
          strokeDashoffset={null}
          strokeLinecap={0}
          strokeLinejoin={0}
          strokeMiterlimit={4}
          strokeOpacity={1}
          strokeWidth={1}
          vectorEffect={0}
          x={0}
          y={0}
        />
        <RNSVGPath
          d="M644.285 664v111.428h52.143v50.582h56.43V734h-25v-70h-83.573z"
          fill={4292490806}
          fillOpacity={1}
          fillRule={1}
          matrix={
            Array [
              1,
              0,
              0,
              1,
              0,
              0,
            ]
          }
          opacity={1}
          originX={0}
          originY={0}
          propList={
            Array [
              "fill",
            ]
          }
          rotation={0}
          scaleX={1}
          scaleY={1}
          skewX={0}
          skewY={0}
          stroke={null}
          strokeDasharray={null}
          strokeDashoffset={null}
          strokeLinecap={0}
          strokeLinejoin={0}
          strokeMiterlimit={4}
          strokeOpacity={1}
          strokeWidth={1}
          vectorEffect={0}
          x={0}
          y={0}
        />
        <RNSVGPath
          d="M727.857 566.143V734h33.797v-40.824h16.668V566.143H727.857zM792.97 733.076h58.815v92.934H792.97zM792.857 566.143h58.928v57.143h-58.928z"
          fill={4292490806}
          fillOpacity={1}
          fillRule={1}
          matrix={
            Array [
              1,
              0,
              0,
              1,
              0,
              0,
            ]
          }
          opacity={1}
          originX={0}
          originY={0}
          propList={
            Array [
              "fill",
            ]
          }
          rotation={0}
          scaleX={1}
          scaleY={1}
          skewX={0}
          skewY={0}
          stroke={null}
          strokeDasharray={null}
          strokeDashoffset={null}
          strokeLinecap={0}
          strokeLinejoin={0}
          strokeMiterlimit={4}
          strokeOpacity={1}
          strokeWidth={1}
          vectorEffect={0}
          x={0}
          y={0}
        />
        <RNSVGPath
          d="M792.857 623.285v54.233h33.448v55.558h25.48V623.285h-58.928z"
          fill={4292490806}
          fillOpacity={1}
          fillRule={1}
          matrix={
            Array [
              1,
              0,
              0,
              1,
              0,
              0,
            ]
          }
          opacity={1}
          originX={0}
          originY={0}
          propList={
            Array [
              "fill",
            ]
          }
          rotation={0}
          scaleX={1}
          scaleY={1}
          skewX={0}
          skewY={0}
          stroke={null}
          strokeDasharray={null}
          strokeDashoffset={null}
          strokeLinecap={0}
          strokeLinejoin={0}
          strokeMiterlimit={4}
          strokeOpacity={1}
          strokeWidth={1}
          vectorEffect={0}
          x={0}
          y={0}
        />
        <RNSVGPath
          d="M792.857 677.518h33.447v27.779h-33.447zM752.857 752.774h40.112v73.236h-40.112zM742.967 413.363h49.89v50.508h-49.89zM742.967 366.391h49.89v46.972h-49.89zM758.372 334.823h34.485v31.567h-34.485z"
          fill={4292490806}
          fillOpacity={1}
          fillRule={1}
          matrix={
            Array [
              1,
              0,
              0,
              1,
              0,
              0,
            ]
          }
          opacity={1}
          originX={0}
          originY={0}
          propList={
            Array [
              "fill",
            ]
          }
          rotation={0}
          scaleX={1}
          scaleY={1}
          skewX={0}
          skewY={0}
          stroke={null}
          strokeDasharray={null}
          strokeDashoffset={null}
          strokeLinecap={0}
          strokeLinejoin={0}
          strokeMiterlimit={4}
          strokeOpacity={1}
          strokeWidth={1}
          vectorEffect={0}
          x={0}
          y={0}
        />
        <RNSVGPath
          d="M707.612 266.386h85.245v68.438h-85.245zM707.612 200.726h85.245v65.66h-85.245zM823.779 334.571h23.363v46.467h-23.363zM823.779 183.553h23.363v133.845h-23.363zM823.779 169.916h23.363v13.637h-23.363zM823.779 122.572h23.363v47.344h-23.363zM823.779 317.398h23.363v17.173h-23.363zM725.29 42.215h64.888v94.871H725.29zM574.777 42.215H725.29v94.871H574.777zM661.145 264.871v17.172h-18.688v52.781h65.154v-69.953h-46.466z"
          fill={4292490806}
          fillOpacity={1}
          fillRule={1}
          matrix={
            Array [
              1,
              0,
              0,
              1,
              0,
              0,
            ]
          }
          opacity={1}
          originX={0}
          originY={0}
          propList={
            Array [
              "fill",
            ]
          }
          rotation={0}
          scaleX={1}
          scaleY={1}
          skewX={0}
          skewY={0}
          stroke={null}
          strokeDasharray={null}
          strokeDashoffset={null}
          strokeLinecap={0}
          strokeLinejoin={0}
          strokeMiterlimit={4}
          strokeOpacity={1}
          strokeWidth={1}
          vectorEffect={0}
          x={0}
          y={0}
        />
        <RNSVGPath
          d="M642.457 194.16v50.002h18.688v20.71h46.466V194.16h-65.154z"
          fill={4292490806}
          fillOpacity={1}
          fillRule={1}
          matrix={
            Array [
              1,
              0,
              0,
              1,
              0,
              0,
            ]
          }
          opacity={1}
          originX={0}
          originY={0}
          propList={
            Array [
              "fill",
            ]
          }
          rotation={0}
          scaleX={1}
          scaleY={1}
          skewX={0}
          skewY={0}
          stroke={null}
          strokeDasharray={null}
          strokeDashoffset={null}
          strokeLinecap={0}
          strokeLinejoin={0}
          strokeMiterlimit={4}
          strokeOpacity={1}
          strokeWidth={1}
          vectorEffect={0}
          x={0}
          y={0}
        />
        <RNSVGPath
          d="M642.457 244.162h18.688v37.881h-18.688zM642.457 167.391h48.487v26.77h-48.487zM394.97 165.37h148.492v171.221H394.97zM320.219 165.371v49.496H242.94v121.725H394.97v-171.22h-74.75z"
          fill={4292490806}
          fillOpacity={1}
          fillRule={1}
          matrix={
            Array [
              1,
              0,
              0,
              1,
              0,
              0,
            ]
          }
          opacity={1}
          originX={0}
          originY={0}
          propList={
            Array [
              "fill",
            ]
          }
          rotation={0}
          scaleX={1}
          scaleY={1}
          skewX={0}
          skewY={0}
          stroke={null}
          strokeDasharray={null}
          strokeDashoffset={null}
          strokeLinecap={0}
          strokeLinejoin={0}
          strokeMiterlimit={4}
          strokeOpacity={1}
          strokeWidth={1}
          vectorEffect={0}
          x={0}
          y={0}
        />
        <RNSVGPath
          d="M242.941 165.371h77.277v49.496h-77.277zM541.947 96.175h32.83v40.911h-32.83z"
          fill={4292490806}
          fillOpacity={1}
          fillRule={1}
          matrix={
            Array [
              1,
              0,
              0,
              1,
              0,
              0,
            ]
          }
          opacity={1}
          originX={0}
          originY={0}
          propList={
            Array [
              "fill",
            ]
          }
          rotation={0}
          scaleX={1}
          scaleY={1}
          skewX={0}
          skewY={0}
          stroke={null}
          strokeDasharray={null}
          strokeDashoffset={null}
          strokeLinecap={0}
          strokeLinejoin={0}
          strokeMiterlimit={4}
          strokeOpacity={1}
          strokeWidth={1}
          vectorEffect={0}
          x={0}
          y={0}
        />
        <RNSVGPath
          d="M526.289 42.215h48.487v53.96h-48.487z"
          fill={4292490806}
          fillOpacity={1}
          fillRule={1}
          matrix={
            Array [
              1,
              0,
              0,
              1,
              0,
              0,
            ]
          }
          opacity={1}
          originX={0}
          originY={0}
          propList={
            Array [
              "fill",
            ]
          }
          rotation={0}
          scaleX={1}
          scaleY={1}
          skewX={0}
          skewY={0}
          stroke={null}
          strokeDasharray={null}
          strokeDashoffset={null}
          strokeLinecap={0}
          strokeLinejoin={0}
          strokeMiterlimit={4}
          strokeOpacity={1}
          strokeWidth={1}
          vectorEffect={0}
          x={0}
          y={0}
        />
        <RNSVGPath
          d="M475.782 42.215h50.508v53.96h-50.508zM425.274 42.215h50.508v53.96h-50.508zM375.777 42.215h49.497v53.96h-49.497z"
          fill={4292490806}
          fillOpacity={1}
          fillRule={1}
          matrix={
            Array [
              1,
              0,
              0,
              1,
              0,
              0,
            ]
          }
          opacity={1}
          originX={0}
          originY={0}
          propList={
            Array [
              "fill",
            ]
          }
          rotation={0}
          scaleX={1}
          scaleY={1}
          skewX={0}
          skewY={0}
          stroke={null}
          strokeDasharray={null}
          strokeDashoffset={null}
          strokeLinecap={0}
          strokeLinejoin={0}
          strokeMiterlimit={4}
          strokeOpacity={1}
          strokeWidth={1}
          vectorEffect={0}
          x={0}
          y={0}
        />
        <RNSVGPath
          d="M241.426 42.215v93.861h152.533v-39.9h-18.182V42.215H241.426zM494.47 96.175h47.477v40.911H494.47zM188.572 119.715h19.52v51.428h-19.52zM543.462 176.5h47.252v151.429h-47.252zM242.941 364.714h52.773v48.571h-52.773zM242.941 413.286h52.773v47.857h-52.773zM295.714 364.714H495v96.429H295.714zM200 386.857v70h-45.715v55.715h88.656V386.857H200zM215.357 512.572h27.584v32.142h-27.584zM215.357 544.714h27.584v23.571h-27.584zM102.857 512.572h51.428v55.713h-51.428z"
          fill={4292490806}
          fillOpacity={1}
          fillRule={1}
          matrix={
            Array [
              1,
              0,
              0,
              1,
              0,
              0,
            ]
          }
          opacity={1}
          originX={0}
          originY={0}
          propList={
            Array [
              "fill",
            ]
          }
          rotation={0}
          scaleX={1}
          scaleY={1}
          skewX={0}
          skewY={0}
          stroke={null}
          strokeDasharray={null}
          strokeDashoffset={null}
          strokeLinecap={0}
          strokeLinejoin={0}
          strokeMiterlimit={4}
          strokeOpacity={1}
          strokeWidth={1}
          vectorEffect={0}
          x={0}
          y={0}
        />
        <RNSVGPath
          d="M154.285 512.572v55.713h40.358v61.43h48.298v-61.43h-27.584v-55.713h-61.072z"
          fill={4292490806}
          fillOpacity={1}
          fillRule={1}
          matrix={
            Array [
              1,
              0,
              0,
              1,
              0,
              0,
            ]
          }
          opacity={1}
          originX={0}
          originY={0}
          propList={
            Array [
              "fill",
            ]
          }
          rotation={0}
          scaleX={1}
          scaleY={1}
          skewX={0}
          skewY={0}
          stroke={null}
          strokeDasharray={null}
          strokeDashoffset={null}
          strokeLinecap={0}
          strokeLinejoin={0}
          strokeMiterlimit={4}
          strokeOpacity={1}
          strokeWidth={1}
          vectorEffect={0}
          x={0}
          y={0}
        />
        <RNSVGPath
          d="M127.5 568.285v40h-24.643v21.43h91.786v-61.43H127.5z"
          fill={4292490806}
          fillOpacity={1}
          fillRule={1}
          matrix={
            Array [
              1,
              0,
              0,
              1,
              0,
              0,
            ]
          }
          opacity={1}
          originX={0}
          originY={0}
          propList={
            Array [
              "fill",
            ]
          }
          rotation={0}
          scaleX={1}
          scaleY={1}
          skewX={0}
          skewY={0}
          stroke={null}
          strokeDasharray={null}
          strokeDashoffset={null}
          strokeLinecap={0}
          strokeLinejoin={0}
          strokeMiterlimit={4}
          strokeOpacity={1}
          strokeWidth={1}
          vectorEffect={0}
          x={0}
          y={0}
        />
        <RNSVGPath
          d="M102.857 568.285H127.5v40h-24.643z"
          fill={4292490806}
          fillOpacity={1}
          fillRule={1}
          matrix={
            Array [
              1,
              0,
              0,
              1,
              0,
              0,
            ]
          }
          opacity={1}
          originX={0}
          originY={0}
          propList={
            Array [
              "fill",
            ]
          }
          rotation={0}
          scaleX={1}
          scaleY={1}
          skewX={0}
          skewY={0}
          stroke={null}
          strokeDasharray={null}
          strokeDashoffset={null}
          strokeLinecap={0}
          strokeLinejoin={0}
          strokeMiterlimit={4}
          strokeOpacity={1}
          strokeWidth={1}
          vectorEffect={0}
          x={0}
          y={0}
        />
        <RNSVGPath
          d="M54.285 568.285v61.43H31.428v66.428h60v-66.428h11.43v-61.43H54.284zM31.428 696.143h60v34.643h-60z"
          fill={4292490806}
          fillOpacity={1}
          fillRule={1}
          matrix={
            Array [
              1,
              0,
              0,
              1,
              0,
              0,
            ]
          }
          opacity={1}
          originX={0}
          originY={0}
          propList={
            Array [
              "fill",
            ]
          }
          rotation={0}
          scaleX={1}
          scaleY={1}
          skewX={0}
          skewY={0}
          stroke={null}
          strokeDasharray={null}
          strokeDashoffset={null}
          strokeLinecap={0}
          strokeLinejoin={0}
          strokeMiterlimit={4}
          strokeOpacity={1}
          strokeWidth={1}
          vectorEffect={0}
          x={0}
          y={0}
        />
        <RNSVGPath
          d="M31.428 730.786h60v49.286h-60z"
          fill={4292490806}
          fillOpacity={1}
          fillRule={1}
          matrix={
            Array [
              1,
              0,
              0,
              1,
              0,
              0,
            ]
          }
          opacity={1}
          originX={0}
          originY={0}
          propList={
            Array [
              "fill",
            ]
          }
          rotation={0}
          scaleX={1}
          scaleY={1}
          skewX={0}
          skewY={0}
          stroke={null}
          strokeDasharray={null}
          strokeDashoffset={null}
          strokeLinecap={0}
          strokeLinejoin={0}
          strokeMiterlimit={4}
          strokeOpacity={1}
          strokeWidth={1}
          vectorEffect={0}
          x={0}
          y={0}
        />
        <RNSVGPath
          d="M31.428 780.071h60V829h-60zM31.428 829h60v27.857h-60zM690.944 167.39v-30.304M508.929 165.37v-28.284M274.286 165.371v-29.295M241.426 136.076h-33.334M242.941 187.571h-37.226M187.143 332.572v48.57H200v5.715h5.715v-54.284h-18.572zM242.941 364.714h-37.226"
          fill={4292490806}
          fillOpacity={1}
          fillRule={1}
          matrix={
            Array [
              1,
              0,
              0,
              1,
              0,
              0,
            ]
          }
          opacity={1}
          originX={0}
          originY={0}
          propList={
            Array [
              "fill",
            ]
          }
          rotation={0}
          scaleX={1}
          scaleY={1}
          skewX={0}
          skewY={0}
          stroke={null}
          strokeDasharray={null}
          strokeDashoffset={null}
          strokeLinecap={0}
          strokeLinejoin={0}
          strokeMiterlimit={4}
          strokeOpacity={1}
          strokeWidth={1}
          vectorEffect={0}
          x={0}
          y={0}
        />
        <RNSVGPath
          d="M823.78 169.916h-83.843v30.81"
          fill={null}
          fillOpacity={1}
          fillRule={1}
          matrix={
            Array [
              1,
              0,
              0,
              1,
              0,
              0,
            ]
          }
          opacity={1}
          originX={0}
          originY={0}
          propList={
            Array [
              "fill",
            ]
          }
          rotation={0}
          scaleX={1}
          scaleY={1}
          skewX={0}
          skewY={0}
          stroke={null}
          strokeDasharray={null}
          strokeDashoffset={null}
          strokeLinecap={0}
          strokeLinejoin={0}
          strokeMiterlimit={4}
          strokeOpacity={1}
          strokeWidth={1}
          vectorEffect={0}
          x={0}
          y={0}
        />
        <RNSVGPath
          d="M792.857 463.87v102.273M762.143 463.87v102.273M778.322 566.143h14.535"
          fill={4292490806}
          fillOpacity={1}
          fillRule={1}
          matrix={
            Array [
              1,
              0,
              0,
              1,
              0,
              0,
            ]
          }
          opacity={1}
          originX={0}
          originY={0}
          propList={
            Array [
              "fill",
            ]
          }
          rotation={0}
          scaleX={1}
          scaleY={1}
          skewX={0}
          skewY={0}
          stroke={null}
          strokeDasharray={null}
          strokeDashoffset={null}
          strokeLinecap={0}
          strokeLinejoin={0}
          strokeMiterlimit={4}
          strokeOpacity={1}
          strokeWidth={1}
          vectorEffect={0}
          x={0}
          y={0}
        />
        <RNSVGPath
          d="M520 491.143c10.714 39.286 30 67.143 52.857 82.857M600.714 589.714C642.5 606.857 685 598.286 717.857 574M478.929 501.5c6.785 31.429 22.5 57.857 22.5 57.857M507.5 569.357C528.214 600.071 548.571 614 548.571 614"
          fill={null}
          fillOpacity={1}
          fillRule={1}
          matrix={
            Array [
              1,
              0,
              0,
              1,
              0,
              0,
            ]
          }
          opacity={1}
          originX={0}
          originY={0}
          propList={
            Array [
              "fill",
            ]
          }
          rotation={0}
          scaleX={1}
          scaleY={1}
          skewX={0}
          skewY={0}
          stroke={null}
          strokeDasharray={null}
          strokeDashoffset={null}
          strokeLinecap={0}
          strokeLinejoin={0}
          strokeMiterlimit={4}
          strokeOpacity={1}
          strokeWidth={1}
          vectorEffect={0}
          x={0}
          y={0}
        />
      </RNSVGGroup>
      <RNSVGText
        content={null}
        dx={Array []}
        dy={Array []}
        fill={4278190080}
        fillOpacity={1}
        fillRule={1}
        font={
          Object {
            "fontFamily": "Helvetica",
            "fontSize": 24,
          }
        }
        matrix={
          Array [
            1.40342,
            0,
            0,
            1.5091,
            -141.803,
            -199.564,
          ]
        }
        opacity={1}
        originX={0}
        originY={0}
        propList={
          Array [
            "stroke",
            "strokeWidth",
          ]
        }
        rotate={Array []}
        rotation={0}
        scaleX={1}
        scaleY={1}
        skewX={0}
        skewY={0}
        stroke={4278190080}
        strokeDasharray={null}
        strokeDashoffset={null}
        strokeLinecap={0}
        strokeLinejoin={0}
        strokeMiterlimit={4}
        strokeOpacity={1}
        strokeWidth={0}
        vectorEffect={0}
        x={
          Array [
            345.8,
          ]
        }
        y={
          Array [
            414.663,
          ]
        }
      >
        <RNSVGTSpan
          content="VL103"
          dx={Array []}
          dy={Array []}
          fill={4278190080}
          fillOpacity={1}
          fillRule={1}
          font={Object {}}
          matrix={
            Array [
              1,
              0,
              0,
              1,
              0,
              0,
            ]
          }
          opacity={1}
          originX={0}
          originY={0}
          propList={Array []}
          rotate={Array []}
          rotation={0}
          scaleX={1}
          scaleY={1}
          skewX={0}
          skewY={0}
          stroke={null}
          strokeDasharray={null}
          strokeDashoffset={null}
          strokeLinecap={0}
          strokeLinejoin={0}
          strokeMiterlimit={4}
          strokeOpacity={1}
          strokeWidth={1}
          vectorEffect={0}
          x={Array []}
          y={Array []}
        />
      </RNSVGText>
    </RNSVGGroup>
    <RNSVGGroup
      fill={4278190080}
      fillOpacity={1}
      fillRule={1}
      font={Object {}}
      matrix={
        Array [
          1,
          0,
          0,
          1,
          0,
          0,
        ]
      }
      opacity={1}
      originX={0}
      originY={0}
      propList={Array []}
      rotation={0}
      scaleX={1}
      scaleY={1}
      skewX={0}
      skewY={0}
      stroke={null}
      strokeDasharray={null}
      strokeDashoffset={null}
      strokeLinecap={0}
      strokeLinejoin={0}
      strokeMiterlimit={4}
      strokeOpacity={1}
      strokeWidth={1}
      vectorEffect={0}
      x={0}
      y={0}
    >
      <RNSVGGroup
        fill={4278190080}
        fillOpacity={1}
        fillRule={1}
        font={Object {}}
        matrix={
          Array [
            1,
            0,
            0,
            1,
            0,
            0,
          ]
        }
        opacity={1}
        originX={0}
        originY={0}
        propList={Array []}
        rotation={0}
        scaleX={1}
        scaleY={1}
        skewX={0}
        skewY={0}
        stroke={null}
        strokeDasharray={null}
        strokeDashoffset={null}
        strokeLinecap={0}
        strokeLinejoin={0}
        strokeMiterlimit={4}
        strokeOpacity={1}
        strokeWidth={1}
        vectorEffect={0}
        x={0}
        y={0}
      />
    </RNSVGGroup>
  </RNSVGGroup>
</RNSVGSvgView>
`;
